app/page.tsx(78,7): error TS2322: Type '{ owner: { username: string | null; color: string | null; } | null; documents: { id: string; url: string; name: string; type: "PLAN" | "FLAG" | "CLIENT_LOGO" | "OTHER" | "PIN"; projectId: string; createdAt: Date; }[]; ... 18 more ...; visible: boolean; }[]' is not assignable to type 'ProjectWithRelations[]'.
  Type '{ owner: { username: string | null; color: string | null; } | null; documents: { id: string; url: string; name: string; type: "PLAN" | "FLAG" | "CLIENT_LOGO" | "OTHER" | "PIN"; projectId: string; createdAt: Date; }[]; ... 18 more ...; visible: boolean; }' is not assignable to type 'ProjectWithRelations'.
    Type '{ owner: { username: string | null; color: string | null; } | null; documents: { id: string; url: string; name: string; type: "PLAN" | "FLAG" | "CLIENT_LOGO" | "OTHER" | "PIN"; projectId: string; createdAt: Date; }[]; ... 18 more ...; visible: boolean; }' is not assignable to type '{ owner?: { username: string | null; color: string | null; } | undefined; }'.
      Types of property 'owner' are incompatible.
        Type '{ username: string | null; color: string | null; } | null' is not assignable to type '{ username: string | null; color: string | null; } | undefined'.
          Type 'null' is not assignable to type '{ username: string | null; color: string | null; } | undefined'.
components/settings/project-management-dialog.tsx(461,9): error TS2552: Cannot find name 'setUserSearchQuery'. Did you mean 'setSearchQuery'?
components/settings/project-management-dialog.tsx(860,25): error TS2322: Type 'string | number | boolean' is not assignable to type 'string | number | readonly string[] | undefined'.
  Type 'false' is not assignable to type 'string | number | readonly string[] | undefined'.
components/settings/project-management-dialog.tsx(1344,25): error TS2322: Type 'string | number | boolean' is not assignable to type 'string | number | readonly string[] | undefined'.
  Type 'false' is not assignable to type 'string | number | readonly string[] | undefined'.
